00:00 +0: loading C:/Users/USER/dev/animal_warfare/test/new_moves_batch2_test.dart
00:00 +0: New Moves Batch 2 Tests Safeguard shields from status
00:00 +1: New Moves Batch 2 Tests Rapid Spin clears hazards and binding
00:00 +2: New Moves Batch 2 Tests Defog clears hazards, screens, terrain, and safeguard
00:00 +3: New Moves Batch 2 Tests Growth raises attack and power by 1 normally, 2 in Sun
00:00 +4: New Moves Batch 2 Tests Stockpile/Swallow/Spit Up mechanics
00:00 +4 -1: New Moves Batch 2 Tests Stockpile/Swallow/Spit Up mechanics [E]
  Expected: <true>
    Actual: <false>
  
  package:matcher                                     expect
  package:flutter_test/src/widget_tester.dart 473:18  expect
  test\new_moves_batch2_test.dart 266:7               main.<fn>.<fn>
  
00:00 +4 -1: New Moves Batch 2 Tests Payback damage doubled if target moves first
00:00 +5 -1: Some tests failed.
